// Jest Snapshot v1, https://goo.gl/fbAQLP

exports[`<ContributionTimeLineChart/> should be a Vue instance and render correctly 1`] = `
<div>
  <div
    class="card"
  >
    <div
      backgroundcolor="#34F6F2"
      beginzero="true"
      bind="true"
      bordercolor="#34F6F2"
      class="chartjs-line-test chart"
      data="1,9,0,10,28"
      datalabel="Commits"
      labels="Janeiro,Fevereiro,MarÃ§o,Abril,Maio"
      option="[object Object]"
    />
  </div>
</div>
`;
