// Jest Snapshot v1, https://goo.gl/fbAQLP

exports[`<AccountSection/> shoulbe be a Vue instance and render correctly 1`] = `
<div>
  <loginbutton-stub />
</div>
`;
