// Jest Snapshot v1, https://goo.gl/fbAQLP

exports[`<Avatar/> should be a Vue instance and render correctly 1`] = `
<img
  src=""
/>
`;
