// Jest Snapshot v1, https://goo.gl/fbAQLP

exports[`<LogoutButton/> shoulbe be a Vue instance and render correctly 1`] = `
<div>
  <button
    type="text"
  >
    Logout
  </button>
</div>
`;
